This is pdfTeX, Version 3.141592653-2.6-1.40.25 (TeX Live 2023) (preloaded format=pdflatex 2023.9.24)  24 SEP 2023 22:49
entering extended mode
 restricted \write18 enabled.
 %&-line parsing enabled.
**test.tex
(./test.tex
LaTeX2e <2023-06-01> patch level 1
L3 programming layer <2023-08-29>

! LaTeX Error: Command \versionScenario undefined.

See the LaTeX manual or LaTeX Companion for explanation.
Type  H <return>  for immediate help.
 ...                                              
                                                  
l.4 \renewcommand{\versionScenario}
                                   {v1.7-de}
Try typing  <return>  to proceed.
If that doesn't work, type  X <return>  to quit.


! LaTeX Error: Command \say undefined.

See the LaTeX manual or LaTeX Companion for explanation.
Type  H <return>  for immediate help.
 ...                                              
                                                  
l.16 \renewcommand{\say}
                        [1]{„\textit{#1}“}
Try typing  <return>  to proceed.
If that doesn't work, type  X <return>  to quit.

! Undefined control sequence.
l.17 \setdefaultlanguage
                        [spelling=new]{german}
The control sequence at the end of the top line
of your error message was never \def'ed. If you have
misspelled it (e.g., `\hobx'), type `I' and the correct
spelling (e.g., `I\hbox'). Otherwise just continue,
and I'll forget about whatever was undefined.


! LaTeX Error: Missing \begin{document}.

See the LaTeX manual or LaTeX Companion for explanation.
Type  H <return>  for immediate help.
 ...                                              
                                                  
l.17 \setdefaultlanguage[
                         spelling=new]{german}
You're in trouble here.  Try typing  <return>  to proceed.
If that doesn't work, type  X <return>  to quit.

Missing character: There is no [ in font nullfont!
Missing character: There is no s in font nullfont!
Missing character: There is no p in font nullfont!
Missing character: There is no e in font nullfont!
Missing character: There is no l in font nullfont!
Missing character: There is no l in font nullfont!
Missing character: There is no i in font nullfont!
Missing character: There is no n in font nullfont!
Missing character: There is no g in font nullfont!
Missing character: There is no = in font nullfont!
Missing character: There is no n in font nullfont!
Missing character: There is no e in font nullfont!
Missing character: There is no w in font nullfont!
Missing character: There is no ] in font nullfont!
Missing character: There is no g in font nullfont!
Missing character: There is no e in font nullfont!
Missing character: There is no r in font nullfont!
Missing character: There is no m in font nullfont!
Missing character: There is no a in font nullfont!
Missing character: There is no n in font nullfont!

Overfull \hbox (20.0pt too wide) in paragraph at lines 17--18
[] 
 []


! LaTeX Error: Command \fsNormal undefined.

See the LaTeX manual or LaTeX Companion for explanation.
Type  H <return>  for immediate help.
 ...                                              
                                                  
l.19 \renewcommand{\fsNormal}
                             {\fontsize{9.5pt}{10.75pt plus 0.125pt minus 0....
Try typing  <return>  to proceed.
If that doesn't work, type  X <return>  to quit.


! LaTeX Error: Command \fsSmall undefined.

See the LaTeX manual or LaTeX Companion for explanation.
Type  H <return>  for immediate help.
 ...                                              
                                                  
l.20 \renewcommand{\fsSmall}
                            {\fontsize{8.0pt}{9.5pt plus 0.125pt minus 0.125...
Try typing  <return>  to proceed.
If that doesn't work, type  X <return>  to quit.

! Improper \hyphenation will be flushed.
\T1-cmd ...{\TextSymbolUnavailable #1}\fi \global 
                                                  \expandafter \let \csname ...
l.23 \hyphenation{Blatt-hä
                           lfte}
Hyphenation exceptions must contain only letters
and hyphens. But continue; I'll forgive and forget.

! Improper \hyphenation will be flushed.
<recently read> \let 
                     
l.23 \hyphenation{Blatt-hä
                           lfte}
Hyphenation exceptions must contain only letters
and hyphens. But continue; I'll forgive and forget.

! Improper \hyphenation will be flushed.
<recently read> \\" 
                    
l.23 \hyphenation{Blatt-hä
                           lfte}
Hyphenation exceptions must contain only letters
and hyphens. But continue; I'll forgive and forget.

! Improper \hyphenation will be flushed.
\UseTextAccent ->\protect 
                          \UseTextAccent  
l.23 \hyphenation{Blatt-hä
                           lfte}
Hyphenation exceptions must contain only letters
and hyphens. But continue; I'll forgive and forget.

! Improper \hyphenation will be flushed.
\hmode@start@before@group ->\unhbox 
                                    \voidb@x 
l.23 \hyphenation{Blatt-hä
                           lfte}
Hyphenation exceptions must contain only letters
and hyphens. But continue; I'll forgive and forget.

! Not a letter.
\hmode@start@before@group ->\unhbox \voidb@x 
                                             
l.23 \hyphenation{Blatt-hä
                           lfte}
Letters in \hyphenation words must have \lccode>0.
Proceed; I'll ignore the character I just read.

! Improper \hyphenation will be flushed.
\UseTextAccent  ...#3->\hmode@start@before@group {
                                                  \let \hmode@start@before@g...
l.23 \hyphenation{Blatt-hä
                           lfte}
Hyphenation exceptions must contain only letters
and hyphens. But continue; I'll forgive and forget.

! Improper \hyphenation will be flushed.
\UseTextAccent  ...hmode@start@before@group {\let 
                                                  \hmode@start@before@group ...
l.23 \hyphenation{Blatt-hä
                           lfte}
Hyphenation exceptions must contain only letters
and hyphens. But continue; I'll forgive and forget.

! Improper \hyphenation will be flushed.
\hmode@start@before@group ->\unhbox 
                                    \voidb@x 
l.23 \hyphenation{Blatt-hä
                           lfte}
Hyphenation exceptions must contain only letters
and hyphens. But continue; I'll forgive and forget.

! Not a letter.
\hmode@start@before@group ->\unhbox \voidb@x 
                                             
l.23 \hyphenation{Blatt-hä
                           lfte}
Letters in \hyphenation words must have \lccode>0.
Proceed; I'll ignore the character I just read.

! Improper \hyphenation will be flushed.
<argument> \let 
                
l.23 \hyphenation{Blatt-hä
                           lfte}
Hyphenation exceptions must contain only letters
and hyphens. But continue; I'll forgive and forget.

! Undefined control sequence.
\UseTextAccent  ...p \@firstofone \let \@curr@enc 
                                                  \cf@encoding \@use@text@en...
l.23 \hyphenation{Blatt-hä
                           lfte}
The control sequence at the end of the top line
of your error message was never \def'ed. If you have
misspelled it (e.g., `\hobx'), type `I' and the correct
spelling (e.g., `I\hbox'). Otherwise just continue,
and I'll forget about whatever was undefined.

! Improper \hyphenation will be flushed.
\@use@text@encoding #1->\edef 
                              \f@encoding {#1}\xdef \font@name {\csname \cur...
l.23 \hyphenation{Blatt-hä
                           lfte}
Hyphenation exceptions must contain only letters
and hyphens. But continue; I'll forgive and forget.

! Not a letter.
\f@encoding ->OT1
                 
l.23 \hyphenation{Blatt-hä
                           lfte}
Letters in \hyphenation words must have \lccode>0.
Proceed; I'll ignore the character I just read.

! Improper \hyphenation will be flushed.
\@use@text@encoding #1->\edef \f@encoding {
                                           #1}\xdef \font@name {\csname \cur...
l.23 \hyphenation{Blatt-hä
                           lfte}
Hyphenation exceptions must contain only letters
and hyphens. But continue; I'll forgive and forget.

! Not a letter.
<argument> OT1
              
l.23 \hyphenation{Blatt-hä
                           lfte}
Letters in \hyphenation words must have \lccode>0.
Proceed; I'll ignore the character I just read.


! LaTeX Error: Missing \begin{document}.

See the LaTeX manual or LaTeX Companion for explanation.
Type  H <return>  for immediate help.
 ...                                              
                                                  
l.23 \hyphenation{Blatt-hä
                           lfte}
You're in trouble here.  Try typing  <return>  to proceed.
If that doesn't work, type  X <return>  to quit.

! Undefined control sequence.
<argument> \@curr@enc 
                      
l.23 \hyphenation{Blatt-hä
                           lfte}
The control sequence at the end of the top line
of your error message was never \def'ed. If you have
misspelled it (e.g., `\hobx'), type `I' and the correct
spelling (e.g., `I\hbox'). Otherwise just continue,
and I'll forget about whatever was undefined.

LaTeX Font Info:    Trying to load font information for +cmr on input line 23.
LaTeX Font Info:    No file cmr.fd. on input line 23.

LaTeX Font Warning: Font shape `/cmr/m/n' undefined
(Font)              using `/cmr/m/n' instead on input line 23.

! Corrupted NFSS tables.
wrong@fontshape ...message {Corrupted NFSS tables}
                                                  error@fontshape else let f...
l.23 \hyphenation{Blatt-hä
                           lfte}
This error message was generated by an \errmessage
command, so I can't give any explicit help.
Pretend that you're Hercule Poirot: Examine all clues,
and deduce the truth by order and method.


LaTeX Font Warning: Font shape `/cmr/m/n' undefined
(Font)              using `OT1/cmr/m/n' instead on input line 23.

! Undefined control sequence.
<argument> \@curr@enc 
                      
l.23 \hyphenation{Blatt-hä
                           lfte}
The control sequence at the end of the top line
of your error message was never \def'ed. If you have
misspelled it (e.g., `\hobx'), type `I' and the correct
spelling (e.g., `I\hbox'). Otherwise just continue,
and I'll forget about whatever was undefined.

! Too many }'s.
\UseTextAccent  ...e@text@encoding \@curr@enc #3}}
                                                  
l.23 \hyphenation{Blatt-hä
                           lfte}
You've closed more groups than you opened.
Such booboos are generally harmless, so keep going.

! Extra \else.
\T1-cmd ...string #1\expandafter \endcsname \else 
                                                  \noexpand #1\fi 
l.23 \hyphenation{Blatt-hä
                           lfte}
I'm ignoring this; it doesn't match any \if.

! Extra \fi.
<argument> \fi 
               
l.23 \hyphenation{Blatt-hä
                           lfte}
I'm ignoring this; it doesn't match any \if.

! Extra \fi.
<argument> \fi 
               
l.23 \hyphenation{Blatt-hä
                           lfte}
I'm ignoring this; it doesn't match any \if.

! Too many }'s.
l.23 \hyphenation{Blatt-hälfte}
                                
You've closed more groups than you opened.
Such booboos are generally harmless, so keep going.


Overfull \hbox (54.16676pt too wide) in paragraph at lines 23--24
[]\/cmr/m/n/10 ^^?^^?^^?alfte 
 []

! Undefined control sequence.
l.27 \hypersetup
                {
The control sequence at the end of the top line
of your error message was never \def'ed. If you have
misspelled it (e.g., `\hobx'), type `I' and the correct
spelling (e.g., `I\hbox'). Otherwise just continue,
and I'll forget about whatever was undefined.


! LaTeX Error: Missing \begin{document}.

See the LaTeX manual or LaTeX Companion for explanation.
Type  H <return>  for immediate help.
 ...                                              
                                                  
l.28 	p
       dftitle={NIP'AJIN Autorenpaket},
You're in trouble here.  Try typing  <return>  to proceed.
If that doesn't work, type  X <return>  to quit.


! LaTeX Error: Command \translation undefined.

See the LaTeX manual or LaTeX Companion for explanation.
Type  H <return>  for immediate help.
 ...                                              
                                                  
l.33 \renewcommand{\translation}
                                {nobody}
Try typing  <return>  to proceed.
If that doesn't work, type  X <return>  to quit.


Overfull \hbox (104.44466pt too wide) in paragraph at lines 28--34
[]\/cmr/m/n/10 pdftitle=NIP'AJIN
 []


Overfull \hbox (16.38892pt too wide) in paragraph at lines 28--34
\/cmr/m/n/10 Au-
 []


Overfull \hbox (26.13893pt too wide) in paragraph at lines 28--34
\/cmr/m/n/10 toren-
 []


Overfull \hbox (26.66673pt too wide) in paragraph at lines 28--34
\/cmr/m/n/10 paket,
 []


Overfull \hbox (28.33342pt too wide) in paragraph at lines 28--34
\/cmr/m/n/10 pdfau-
 []


Overfull \hbox (59.00015pt too wide) in paragraph at lines 28--34
\/cmr/m/n/10 thor=Markus
 []


Overfull \hbox (38.75009pt too wide) in paragraph at lines 28--34
\/cmr/m/n/10 Leupold-
 []


Overfull \hbox (52.63899pt too wide) in paragraph at lines 28--34
\/cmr/m/n/10 Loewenthal,
 []


Overfull \hbox (17.77783pt too wide) in paragraph at lines 28--34
\/cmr/m/n/10 pdf-
 []


Overfull \hbox (18.38892pt too wide) in paragraph at lines 28--34
\/cmr/m/n/10 sub-
 []


Overfull \hbox (38.75009pt too wide) in paragraph at lines 28--34
\/cmr/m/n/10 ject=Ein
 []


Overfull \hbox (10.55556pt too wide) in paragraph at lines 28--34
\/cmr/m/n/10 le-
 []


Overfull \hbox (19.44446pt too wide) in paragraph at lines 28--34
\/cmr/m/n/10 icht-
 []


Overfull \hbox (51.72229pt too wide) in paragraph at lines 28--34
\/cmr/m/n/10 gewichtiges,
 []


Overfull \hbox (22.58336pt too wide) in paragraph at lines 28--34
\/cmr/m/n/10 freies
 []


Overfull \hbox (18.47224pt too wide) in paragraph at lines 28--34
\/cmr/m/n/10 Rol-
 []


Overfull \hbox (16.11113pt too wide) in paragraph at lines 28--34
\/cmr/m/n/10 len-
 []


Overfull \hbox (22.83336pt too wide) in paragraph at lines 28--34
\/cmr/m/n/10 spiel-
 []


Overfull \hbox (16.50002pt too wide) in paragraph at lines 28--34
\/cmr/m/n/10 sys-
 []


Overfull \hbox (22.22227pt too wide) in paragraph at lines 28--34
\/cmr/m/n/10 tem.,
 []


Overfull \hbox (32.50009pt too wide) in paragraph at lines 28--34
\/cmr/m/n/10 pdfkey-
 []


Overfull \hbox (66.75015pt too wide) in paragraph at lines 28--34
\/cmr/m/n/10 words=nipajin,
 []


Overfull \hbox (36.38899pt too wide) in paragraph at lines 28--34
\/cmr/m/n/10 nip'ajin,
 []


Overfull \hbox (18.47224pt too wide) in paragraph at lines 28--34
\/cmr/m/n/10 Rol-
 []


Overfull \hbox (16.11113pt too wide) in paragraph at lines 28--34
\/cmr/m/n/10 len-
 []


Overfull \hbox (22.27782pt too wide) in paragraph at lines 28--34
\/cmr/m/n/10 spiel,
 []


Overfull \hbox (18.11115pt too wide) in paragraph at lines 28--34
\/cmr/m/n/10 Sys-
 []


Overfull \hbox (19.44449pt too wide) in paragraph at lines 28--34
\/cmr/m/n/10 tem,
 []


Overfull \hbox (16.97226pt too wide) in paragraph at lines 28--34
\/cmr/m/n/10 frei,
 []


Overfull \hbox (21.6667pt too wide) in paragraph at lines 28--34
\/cmr/m/n/10 RSP,
 []


Overfull \hbox (22.01392pt too wide) in paragraph at lines 28--34
\/cmr/m/n/10 RPG
 []


! LaTeX Error: Command \backgroundlayername undefined.

See the LaTeX manual or LaTeX Companion for explanation.
Type  H <return>  for immediate help.
 ...                                              
                                                  
l.35 \renewcommand{\backgroundlayername}
                                        {Hintergrund}
Try typing  <return>  to proceed.
If that doesn't work, type  X <return>  to quit.


! LaTeX Error: Command \disclaimer undefined.

See the LaTeX manual or LaTeX Companion for explanation.
Type  H <return>  for immediate help.
 ...                                              
                                                  
l.39 \renewcommand{\disclaimer}
                               {(Logos und Marken ausgenommen.)}
Try typing  <return>  to proceed.
If that doesn't work, type  X <return>  to quit.


! LaTeX Error: Command \tocCover undefined.

See the LaTeX manual or LaTeX Companion for explanation.
Type  H <return>  for immediate help.
 ...                                              
                                                  
l.47 \renewcommand{\tocCover}
                             {Titelblatt}
Try typing  <return>  to proceed.
If that doesn't work, type  X <return>  to quit.


! LaTeX Error: Command \titleCover undefined.

See the LaTeX manual or LaTeX Companion for explanation.
Type  H <return>  for immediate help.
 ...                                              
                                                  
l.48 \renewcommand{\titleCover}
                               {%
Try typing  <return>  to proceed.
If that doesn't work, type  X <return>  to quit.


! LaTeX Error: Command \versionCover undefined.

See the LaTeX manual or LaTeX Companion for explanation.
Type  H <return>  for immediate help.
 ...                                              
                                                  
l.52 \renewcommand{\versionCover}
                                 {\LaTeX~Edition, Version \versionScenario}
Try typing  <return>  to proceed.
If that doesn't work, type  X <return>  to quit.


! LaTeX Error: Command \creativecommonsA undefined.

See the LaTeX manual or LaTeX Companion for explanation.
Type  H <return>  for immediate help.
 ...                                              
                                                  
l.54 \renewcommand{\creativecommonsA}
                                     {Dieses Werk untersteht folgender Lizenz:}
Try typing  <return>  to proceed.
If that doesn't work, type  X <return>  to quit.


! LaTeX Error: Command \creativecommonsB undefined.

See the LaTeX manual or LaTeX Companion for explanation.
Type  H <return>  for immediate help.
 ...                                              
                                                  
l.55 \renewcommand{\creativecommonsB}
                                     {Namensnennung--Weitergabe unter gleich...
Try typing  <return>  to proceed.
If that doesn't work, type  X <return>  to quit.


! LaTeX Error: Command \creativecommonsC undefined.

See the LaTeX manual or LaTeX Companion for explanation.
Type  H <return>  for immediate help.
 ...                                              
                                                  
l.56 \renewcommand{\creativecommonsC}
                                     {Bitte nicht via Einweg-Lizenzen re-liz...
Try typing  <return>  to proceed.
If that doesn't work, type  X <return>  to quit.


! LaTeX Error: Command \titleImprint undefined.

See the LaTeX manual or LaTeX Companion for explanation.
Type  H <return>  for immediate help.
 ...                                              
                                                  
l.57 \renewcommand{\titleImprint}
                                 {Impressum}
Try typing  <return>  to proceed.
If that doesn't work, type  X <return>  to quit.


! LaTeX Error: Command \tocImprint undefined.

See the LaTeX manual or LaTeX Companion for explanation.
Type  H <return>  for immediate help.
 ...                                              
                                                  
l.58 \renewcommand{\tocImprint}
                               {Impressum}
Try typing  <return>  to proceed.
If that doesn't work, type  X <return>  to quit.


! LaTeX Error: Command \textImprint undefined.

See the LaTeX manual or LaTeX Companion for explanation.
Type  H <return>  for immediate help.
 ...                                              
                                                  
l.59 \renewcommand{\textImprint}
                                {%
Try typing  <return>  to proceed.
If that doesn't work, type  X <return>  to quit.


! LaTeX Error: Command \tocAbout undefined.

See the LaTeX manual or LaTeX Companion for explanation.
Type  H <return>  for immediate help.
 ...                                              
                                                  
l.88 \renewcommand{\tocAbout}
                             {Anleitung}
Try typing  <return>  to proceed.
If that doesn't work, type  X <return>  to quit.


! LaTeX Error: Command \headlineAbout undefined.

See the LaTeX manual or LaTeX Companion for explanation.
Type  H <return>  for immediate help.
 ...                                              
                                                  
l.89 \renewcommand{\headlineAbout}
                                  {Anleitung zum Autorenpaket}
Try typing  <return>  to proceed.
If that doesn't work, type  X <return>  to quit.


! LaTeX Error: Command \teaserAbout undefined.

See the LaTeX manual or LaTeX Companion for explanation.
Type  H <return>  for immediate help.
 ...                                              
                                                  
l.90 \renewcommand{\teaserAbout}
                                {%
Try typing  <return>  to proceed.
If that doesn't work, type  X <return>  to quit.


! LaTeX Error: Command \textAbout undefined.

See the LaTeX manual or LaTeX Companion for explanation.
Type  H <return>  for immediate help.
 ...                                              
                                                  
l.93 \renewcommand{\textAbout}
                              {%
Try typing  <return>  to proceed.
If that doesn't work, type  X <return>  to quit.


! LaTeX Error: Command \tocPrologue undefined.

See the LaTeX manual or LaTeX Companion for explanation.
Type  H <return>  for immediate help.
 ...                                              
                                                  
l.120 \renewcommand{\tocPrologue}
                                 {Prolog}
Try typing  <return>  to proceed.
If that doesn't work, type  X <return>  to quit.


! LaTeX Error: Command \headlinePrologue undefined.

See the LaTeX manual or LaTeX Companion for explanation.
Type  H <return>  for immediate help.
 ...                                              
                                                  
l.121 \renewcommand{\headlinePrologue}
                                      {Prolog \say{Mein Szenario}}
Try typing  <return>  to proceed.
If that doesn't work, type  X <return>  to quit.


! LaTeX Error: Command \teaserPrologue undefined.

See the LaTeX manual or LaTeX Companion for explanation.
Type  H <return>  for immediate help.
 ...                                              
                                                  
l.122 \renewcommand{\teaserPrologue}
                                    {Der Spielleiter sollte folgenden Text z...
Try typing  <return>  to proceed.
If that doesn't work, type  X <return>  to quit.


! LaTeX Error: Command \textPrologue undefined.

See the LaTeX manual or LaTeX Companion for explanation.
Type  H <return>  for immediate help.
 ...                                              
                                                  
l.123 \renewcommand{\textPrologue}
                                  {\zlabel{labelPrologue}%
Try typing  <return>  to proceed.
If that doesn't work, type  X <return>  to quit.


! LaTeX Error: Command \tocGM undefined.

See the LaTeX manual or LaTeX Companion for explanation.
Type  H <return>  for immediate help.
 ...                                              
                                                  
l.132 \renewcommand{\tocGM}
                           {Spielleiterinformationen}
Try typing  <return>  to proceed.
If that doesn't work, type  X <return>  to quit.


! LaTeX Error: Command \headlineGM undefined.

See the LaTeX manual or LaTeX Companion for explanation.
Type  H <return>  for immediate help.
 ...                                              
                                                  
l.133 \renewcommand{\headlineGM}
                                {Spielleiterinformationen}
Try typing  <return>  to proceed.
If that doesn't work, type  X <return>  to quit.


! LaTeX Error: Command \teaserGM undefined.

See the LaTeX manual or LaTeX Companion for explanation.
Type  H <return>  for immediate help.
 ...                                              
                                                  
l.134 \renewcommand{\teaserGM}
                              {Dieses Szenario benutzt das Rollenspielsystem...
Try typing  <return>  to proceed.
If that doesn't work, type  X <return>  to quit.


! LaTeX Error: Command \textGM undefined.

See the LaTeX manual or LaTeX Companion for explanation.
Type  H <return>  for immediate help.
 ...                                              
                                                  
l.135 \renewcommand{\textGM}
                            {%
Try typing  <return>  to proceed.
If that doesn't work, type  X <return>  to quit.


! LaTeX Error: Command \tocRulesPlayer undefined.

See the LaTeX manual or LaTeX Companion for explanation.
Type  H <return>  for immediate help.
 ...                                              
                                                  
l.184 \renewcommand{\tocRulesPlayer}
                                    {Regeln für Spieler}
Try typing  <return>  to proceed.
If that doesn't work, type  X <return>  to quit.


! LaTeX Error: Command \headlineRulesPlayer undefined.

See the LaTeX manual or LaTeX Companion for explanation.
Type  H <return>  for immediate help.
 ...                                              
                                                  
l.185 \renewcommand{\headlineRulesPlayer}
                                         {Anhang I -- Regeln für Spieler}
Try typing  <return>  to proceed.
If that doesn't work, type  X <return>  to quit.


! LaTeX Error: Command \teaserRulesPlayer undefined.

See the LaTeX manual or LaTeX Companion for explanation.
Type  H <return>  for immediate help.
 ...                                              
                                                  
l.186 \renewcommand{\teaserRulesPlayer}
                                       {Im folgenden Anhang findet sich das ...
Try typing  <return>  to proceed.
If that doesn't work, type  X <return>  to quit.


! LaTeX Error: Command \tocRulesGM undefined.

See the LaTeX manual or LaTeX Companion for explanation.
Type  H <return>  for immediate help.
 ...                                              
                                                  
l.188 \renewcommand{\tocRulesGM}
                                {Regeln für Spielleiter}
Try typing  <return>  to proceed.
If that doesn't work, type  X <return>  to quit.


! LaTeX Error: Command \headlineRulesGM undefined.

See the LaTeX manual or LaTeX Companion for explanation.
Type  H <return>  for immediate help.
 ...                                              
                                                  
l.189 \renewcommand{\headlineRulesGM}
                                     {Anhang II -- Regeln für Spielleiter}
Try typing  <return>  to proceed.
If that doesn't work, type  X <return>  to quit.


! LaTeX Error: Command \tocCharacters undefined.

See the LaTeX manual or LaTeX Companion for explanation.
Type  H <return>  for immediate help.
 ...                                              
                                                  
l.191 \renewcommand{\tocCharacters}
                                   {Beispielcharaktere}
Try typing  <return>  to proceed.
If that doesn't work, type  X <return>  to quit.


! LaTeX Error: Command \headlineCharacters undefined.

See the LaTeX manual or LaTeX Companion for explanation.
Type  H <return>  for immediate help.
 ...                                              
                                                  
l.192 \renewcommand{\headlineCharacters}
                                        {Anhang III -- Beispielcharaktere}
Try typing  <return>  to proceed.
If that doesn't work, type  X <return>  to quit.


! LaTeX Error: Command \teaserCharacters undefined.

See the LaTeX manual or LaTeX Companion for explanation.
Type  H <return>  for immediate help.
 ...                                              
                                                  
l.193 \renewcommand{\teaserCharacters}
                                      {Die folgenden Seiten enthalten schlü...
Try typing  <return>  to proceed.
If that doesn't work, type  X <return>  to quit.


! LaTeX Error: Command \textCharacterA undefined.

See the LaTeX manual or LaTeX Companion for explanation.
Type  H <return>  for immediate help.
 ...                                              
                                                  
l.195 \renewcommand{\textCharacterA}
                                    {
Try typing  <return>  to proceed.
If that doesn't work, type  X <return>  to quit.


! LaTeX Error: Command \textCharacterB undefined.

See the LaTeX manual or LaTeX Companion for explanation.
Type  H <return>  for immediate help.
 ...                                              
                                                  
l.211 \renewcommand{\textCharacterB}
                                    {
Try typing  <return>  to proceed.
If that doesn't work, type  X <return>  to quit.


! LaTeX Error: Command \tocBackcover undefined.

See the LaTeX manual or LaTeX Companion for explanation.
Type  H <return>  for immediate help.
 ...                                              
                                                  
l.227 \renewcommand{\tocBackcover}
                                  {Rückseite}
Try typing  <return>  to proceed.
If that doesn't work, type  X <return>  to quit.


! LaTeX Error: Command \textBackcover undefined.

See the LaTeX manual or LaTeX Companion for explanation.
Type  H <return>  for immediate help.
 ...                                              
                                                  
l.228 \renewcommand{\textBackcover}
                                   {%
Try typing  <return>  to proceed.
If that doesn't work, type  X <return>  to quit.


! LaTeX Error: Command \urlBackcover undefined.

See the LaTeX manual or LaTeX Companion for explanation.
Type  H <return>  for immediate help.
 ...                                              
                                                  
l.242 \renewcommand{\urlBackcover}
                                  {(Hier passt \zB~ein Link gut hin.)}
Try typing  <return>  to proceed.
If that doesn't work, type  X <return>  to quit.

)
! Emergency stop.
<*> test.tex
            
*** (job aborted, no legal \end found)

 
Here is how much of TeX's memory you used:
 85 strings out of 476874
 1093 string characters out of 5808213
 1918791 words of memory out of 5000000
 21484 multiletter control sequences out of 15000+600000
 558069 words of font info for 36 fonts, out of 8000000 for 9000
 16 hyphenation exceptions out of 8191
 26i,1n,35p,458b,70s stack positions out of 10000i,1000n,20000p,200000b,200000s
!  ==> Fatal error occurred, no output PDF file produced!
